djfnve
